// Vitest Snapshot v1

exports[`attr img 1`] = `"<img src=\\"/loading.png\\" class=\\"v-lazy-image\\">"`;
